\BOOKMARK [0][-]{chapter.1}{\376\377\0001\000\040\000I\000n\000t\000r\000o\000d\000u\000c\000c\000i\000\363\000n}{}% 1
\BOOKMARK [1][-]{section.1.1}{\376\377\0001\000.\0001\000\040\000I\000n\000t\000r\000o\000d\000u\000c\000c\000i\000\363\000n}{chapter.1}% 2
\BOOKMARK [1][-]{section.1.2}{\376\377\0001\000.\0002\000\040\000M\000o\000t\000i\000v\000a\000c\000i\000\363\000n}{chapter.1}% 3
\BOOKMARK [1][-]{section.1.3}{\376\377\0001\000.\0003\000\040\000O\000b\000j\000e\000t\000i\000v\000o\000s}{chapter.1}% 4
\BOOKMARK [1][-]{section.1.4}{\376\377\0001\000.\0004\000\040\000O\000r\000g\000a\000n\000i\000z\000a\000c\000i\000\363\000n\000\040\000d\000e\000\040\000l\000a\000\040\000m\000e\000m\000o\000r\000i\000a}{chapter.1}% 5
\BOOKMARK [0][-]{chapter.2}{\376\377\0002\000\040\000E\000s\000t\000a\000d\000o\000\040\000d\000e\000l\000\040\000a\000r\000t\000e}{}% 6
\BOOKMARK [1][-]{section.2.1}{\376\377\0002\000.\0001\000\040\000A\000n\000\341\000l\000i\000s\000i\000s\000\040\000d\000e\000\040\000a\000p\000l\000i\000c\000a\000c\000i\000o\000n\000e\000s\000\040\000s\000i\000m\000i\000l\000a\000r\000e\000s}{chapter.2}% 7
\BOOKMARK [1][-]{section.2.2}{\376\377\0002\000.\0002\000\040\000T\000e\000c\000n\000o\000l\000o\000g\000\355\000a\000s}{chapter.2}% 8
\BOOKMARK [1][-]{section.2.3}{\376\377\0002\000.\0003\000\040\000E\000v\000o\000l\000u\000c\000i\000\363\000n\000\040\000d\000e\000\040\000l\000o\000s\000\040\000t\000e\000c\000l\000a\000d\000o\000s\000\040\000e\000n\000\040\000r\000e\000a\000l\000i\000d\000a\000d\000\040\000v\000i\000r\000t\000u\000a\000l}{chapter.2}% 9
\BOOKMARK [2][-]{subsection.2.3.1}{\376\377\0002\000.\0003\000.\0001\000\040\000O\000r\000\355\000g\000e\000n\000e\000s}{section.2.3}% 10
\BOOKMARK [2][-]{subsection.2.3.2}{\376\377\0002\000.\0003\000.\0002\000\040\000L\000a\000s\000\040\000d\000i\000f\000i\000c\000u\000l\000t\000a\000d\000e\000s\000\040\000i\000d\000e\000n\000t\000i\000f\000i\000c\000a\000d\000a\000s\000\040\000e\000n\000\040\000e\000s\000t\000o\000s\000\040\000p\000r\000i\000m\000e\000r\000o\000s\000\040\000m\000o\000d\000e\000l\000o\000s}{section.2.3}% 11
\BOOKMARK [2][-]{subsection.2.3.3}{\376\377\0002\000.\0003\000.\0003\000\040\000N\000u\000e\000v\000a\000s\000\040\000s\000u\000g\000e\000r\000e\000n\000c\000i\000a\000s\000\040\000p\000a\000r\000a\000\040\000i\000n\000c\000o\000r\000p\000o\000r\000a\000r\000\040\000t\000e\000x\000t\000o\000\040\000e\000n\000\040\000R\000e\000a\000l\000i\000d\000a\000d\000\040\000V\000i\000r\000t\000u\000a\000l}{section.2.3}% 12
\BOOKMARK [1][-]{section.2.4}{\376\377\0002\000.\0004\000\040\000N\000e\000c\000e\000s\000i\000d\000a\000d\000\040\000d\000e\000\040\000s\000o\000p\000o\000r\000t\000e\000\040\000m\000u\000l\000t\000i\000l\000i\000n\000g\000\374\000e\000\040\000e\000n\000\040\000V\000R}{chapter.2}% 13
\BOOKMARK [2][-]{subsection.2.4.1}{\376\377\0002\000.\0004\000.\0001\000\040\000A\000c\000c\000e\000s\000i\000b\000i\000l\000i\000d\000a\000d\000\040\000l\000i\000n\000g\000\374\000\355\000s\000t\000i\000c\000a\000\040\000e\000n\000\040\000e\000n\000t\000o\000r\000n\000o\000s\000\040\000d\000i\000g\000i\000t\000a\000l\000e\000s}{section.2.4}% 14
\BOOKMARK [2][-]{subsection.2.4.2}{\376\377\0002\000.\0004\000.\0002\000\040\000D\000i\000f\000i\000c\000u\000l\000t\000a\000d\000e\000s\000\040\000d\000e\000\040\000r\000e\000p\000r\000e\000s\000e\000n\000t\000a\000r\000\040\000e\000s\000c\000r\000i\000t\000u\000r\000a\000s\000\040\000n\000o\000\040\000l\000a\000t\000i\000n\000a\000s\000\040\000e\000n\000\040\000V\000R}{section.2.4}% 15
\BOOKMARK [2][-]{subsection.2.4.3}{\376\377\0002\000.\0004\000.\0003\000\040\000C\000\363\000m\000o\000\040\000o\000t\000r\000o\000s\000\040\000c\000a\000m\000p\000o\000s\000\040\000h\000a\000n\000\040\000i\000n\000c\000o\000r\000p\000o\000r\000a\000d\000o\000\040\000e\000l\000\040\000m\000u\000l\000t\000i\000l\000e\000n\000g\000u\000a\000j\000e\000\040\000y\000\040\000e\000l\000\040\000r\000e\000z\000a\000g\000o\000\040\000d\000e\000\040\000l\000a\000\040\000V\000R}{section.2.4}% 16
\BOOKMARK [2][-]{subsection.2.4.4}{\376\377\0002\000.\0004\000.\0004\000\040\000G\000l\000o\000b\000a\000l\000i\000z\000a\000c\000i\000\363\000n\000\040\000d\000e\000\040\000u\000s\000u\000a\000r\000i\000o\000s\000\040\000d\000e\000\040\000V\000R\000\040\000y\000\040\000p\000o\000t\000e\000n\000c\000i\000a\000l\000\040\000m\000e\000r\000c\000a\000d\000o\000\040\000p\000e\000r\000d\000i\000d\000o}{section.2.4}% 17
\BOOKMARK [1][-]{section.2.5}{\376\377\0002\000.\0005\000\040\000I\000n\000t\000e\000r\000f\000a\000c\000e\000s\000\040\000n\000a\000t\000u\000r\000a\000l\000e\000s\000\040\000d\000e\000\040\000u\000s\000u\000a\000r\000i\000o\000\040\000\050\000N\000U\000I\000\051\000\040\000e\000n\000\040\000V\000R}{chapter.2}% 18
\BOOKMARK [2][-]{subsection.2.5.1}{\376\377\0002\000.\0005\000.\0001\000\040\000d\000e\000f\000i\000n\000i\000c\000i\000\363\000n\000\040\000y\000\040\000c\000o\000n\000t\000e\000x\000t\000o\000\040\000d\000e\000\040\000l\000a\000s\000\040\000N\000U\000I\000s}{section.2.5}% 19
\BOOKMARK [2][-]{subsection.2.5.2}{\376\377\0002\000.\0005\000.\0002\000\040\000T\000e\000c\000n\000o\000l\000o\000g\000\355\000a\000s\000\040\000p\000r\000i\000n\000c\000i\000p\000a\000l\000e\000s\000\040\000e\000n\000\040\000l\000a\000s\000\040\000N\000U\000I\000s\000\040\000p\000a\000r\000a\000\040\000V\000R}{section.2.5}% 20
\BOOKMARK [2][-]{subsection.2.5.3}{\376\377\0002\000.\0005\000.\0003\000\040\000I\000m\000p\000l\000e\000m\000e\000n\000t\000a\000c\000i\000\363\000n\000\040\000d\000e\000\040\000N\000U\000I\000\040\000e\000n\000\040\000e\000s\000t\000e\000\040\000p\000r\000o\000y\000e\000c\000t\000o}{section.2.5}% 21
\BOOKMARK [2][-]{subsection.2.5.4}{\376\377\0002\000.\0005\000.\0004\000\040\000B\000e\000n\000e\000f\000i\000c\000i\000o\000s\000\040\000d\000e\000\040\000u\000s\000a\000r\000\040\000N\000U\000I\000\040\000e\000n\000\040\000t\000e\000c\000l\000a\000d\000o\000s\000\040\000v\000i\000r\000t\000u\000a\000l\000e\000s}{section.2.5}% 22
\BOOKMARK [1][-]{section.2.6}{\376\377\0002\000.\0006\000\040\000R\000e\000t\000o\000s\000\040\000d\000e\000\040\000a\000c\000c\000e\000s\000i\000b\000i\000l\000i\000d\000a\000d\000\040\000e\000n\000\040\000r\000e\000a\000l\000i\000d\000a\000d\000\040\000v\000i\000r\000t\000u\000a\000l}{chapter.2}% 23
\BOOKMARK [2][-]{subsection.2.6.1}{\376\377\0002\000.\0006\000.\0001\000\040\000B\000a\000r\000r\000e\000r\000a\000s\000\040\000a\000c\000t\000u\000a\000l\000e\000s\000\040\000e\000n\000\040\000V\000R\000\040\000p\000a\000r\000a\000\040\000u\000s\000u\000a\000r\000i\000o\000s\000\040\000d\000i\000v\000e\000r\000s\000o\000s}{section.2.6}% 24
\BOOKMARK [2][-]{subsection.2.6.2}{\376\377\0002\000.\0006\000.\0002\000\040\000N\000e\000c\000e\000s\000i\000d\000a\000d\000\040\000d\000e\000\040\000a\000c\000c\000e\000s\000i\000b\000i\000l\000i\000d\000a\000d\000\040\000e\000n\000\040\000t\000e\000c\000l\000a\000d\000o\000s\000\040\000V\000R}{section.2.6}% 25
\BOOKMARK [2][-]{subsection.2.6.3}{\376\377\0002\000.\0006\000.\0003\000\040\000C\000\363\000m\000o\000\040\000e\000s\000t\000e\000\040\000p\000r\000o\000y\000e\000c\000t\000o\000\040\000a\000b\000o\000r\000d\000a\000\040\000l\000a\000\040\000a\000c\000c\000e\000s\000i\000b\000i\000l\000i\000d\000a\000d}{section.2.6}% 26
\BOOKMARK [2][-]{subsection.2.6.4}{\376\377\0002\000.\0006\000.\0004\000\040\000L\000i\000m\000i\000t\000a\000c\000i\000o\000n\000e\000s\000\040\000a\000c\000t\000u\000a\000l\000e\000s\000\040\000y\000\040\000p\000o\000s\000i\000b\000l\000e\000s\000\040\000m\000e\000j\000o\000r\000a\000s}{section.2.6}% 27
\BOOKMARK [1][-]{section.2.7}{\376\377\0002\000.\0007\000\040\000E\000s\000t\000\341\000n\000d\000a\000r\000e\000s\000\040\000y\000\040\000t\000e\000n\000d\000e\000n\000c\000i\000a\000s\000\040\000d\000e\000\040\000m\000e\000r\000c\000a\000d\000o\000\040\000e\000n\000\040\000V\000R}{chapter.2}% 28
\BOOKMARK [2][-]{subsection.2.7.1}{\376\377\0002\000.\0007\000.\0001\000\040\000E\000s\000t\000a\000d\000o\000\040\000a\000c\000t\000u\000a\000l\000\040\000d\000e\000l\000\040\000m\000e\000r\000c\000a\000d\000o\000\040\000d\000e\000\040\000V\000R}{section.2.7}% 29
\BOOKMARK [2][-]{subsection.2.7.2}{\376\377\0002\000.\0007\000.\0002\000\040\000E\000s\000t\000\341\000n\000d\000a\000r\000e\000s\000\040\000e\000m\000e\000r\000g\000e\000n\000t\000e\000s\000\040\000e\000n\000\040\000V\000R}{section.2.7}% 30
\BOOKMARK [1][-]{section.2.8}{\376\377\0002\000.\0008\000\040\000S\000e\000l\000e\000c\000c\000i\000\363\000n\000\040\000y\000\040\000j\000u\000s\000t\000i\000f\000i\000c\000a\000c\000i\000\363\000n\000\040\000d\000e\000\040\000i\000d\000i\000o\000m\000a\000s\000\040\000i\000m\000p\000l\000e\000m\000e\000n\000t\000a\000d\000o\000s}{chapter.2}% 31
\BOOKMARK [2][-]{subsection.2.8.1}{\376\377\0002\000.\0008\000.\0001\000\040\000C\000r\000i\000t\000e\000r\000i\000o\000s\000\040\000d\000e\000\040\000s\000e\000l\000e\000c\000c\000i\000\363\000n}{section.2.8}% 32
\BOOKMARK [2][-]{subsection.2.8.2}{\376\377\0002\000.\0008\000.\0002\000\040\000I\000d\000i\000o\000m\000a\000s\000\040\000i\000m\000p\000l\000e\000m\000e\000n\000t\000a\000d\000o\000s}{section.2.8}% 33
\BOOKMARK [2][-]{subsection.2.8.3}{\376\377\0002\000.\0008\000.\0003\000\040\000I\000d\000i\000o\000m\000a\000s\000\040\000d\000e\000s\000c\000a\000r\000t\000a\000d\000o\000s\000\040\000y\000\040\000m\000o\000t\000i\000v\000o\000s}{section.2.8}% 34
\BOOKMARK [2][-]{subsection.2.8.4}{\376\377\0002\000.\0008\000.\0004\000\040\000R\000e\000t\000o\000s\000\040\000t\000\351\000c\000n\000i\000c\000o\000s\000\040\000e\000n\000\040\000l\000a\000\040\000i\000m\000p\000l\000e\000m\000e\000n\000t\000a\000c\000i\000\363\000n}{section.2.8}% 35
\BOOKMARK [0][-]{chapter.3}{\376\377\0003\000\040\000R\000e\000q\000u\000i\000s\000i\000t\000o\000s\000,\000\040\000e\000s\000p\000e\000c\000i\000f\000i\000c\000a\000c\000i\000o\000n\000e\000s\000,\000\040\000c\000o\000s\000t\000e\000,\000\040\000r\000i\000e\000s\000g\000o\000s\000,\000\040\000v\000i\000a\000b\000i\000l\000i\000d\000a\000d}{}% 36
\BOOKMARK [1][-]{section.3.1}{\376\377\0003\000.\0001\000\040\000R\000e\000q\000u\000i\000s\000i\000t\000o\000s}{chapter.3}% 37
\BOOKMARK [1][-]{section.3.2}{\376\377\0003\000.\0002\000\040\000E\000s\000p\000e\000c\000i\000f\000i\000c\000a\000c\000i\000o\000n\000e\000s}{chapter.3}% 38
\BOOKMARK [1][-]{section.3.3}{\376\377\0003\000.\0003\000\040\000C\000o\000s\000t\000e\000s}{chapter.3}% 39
\BOOKMARK [1][-]{section.3.4}{\376\377\0003\000.\0004\000\040\000R\000i\000e\000s\000g\000o\000s}{chapter.3}% 40
\BOOKMARK [1][-]{section.3.5}{\376\377\0003\000.\0005\000\040\000V\000i\000a\000b\000i\000l\000i\000d\000a\000d}{chapter.3}% 41
\BOOKMARK [2][-]{subsection.3.5.1}{\376\377\0003\000.\0005\000.\0001\000\040\000V\000i\000a\000b\000i\000l\000i\000d\000a\000d\000\040\000T\000\351\000c\000n\000i\000c\000a}{section.3.5}% 42
\BOOKMARK [2][-]{subsection.3.5.2}{\376\377\0003\000.\0005\000.\0002\000\040\000V\000i\000a\000b\000i\000l\000i\000d\000a\000d\000\040\000E\000c\000o\000n\000\363\000m\000i\000c\000a}{section.3.5}% 43
\BOOKMARK [2][-]{subsection.3.5.3}{\376\377\0003\000.\0005\000.\0003\000\040\000V\000i\000a\000b\000i\000l\000i\000d\000a\000d\000\040\000T\000e\000m\000p\000o\000r\000a\000l}{section.3.5}% 44
\BOOKMARK [2][-]{subsection.3.5.4}{\376\377\0003\000.\0005\000.\0004\000\040\000C\000o\000n\000c\000l\000u\000s\000i\000\363\000n\000\040\000s\000o\000b\000r\000e\000\040\000l\000a\000\040\000V\000i\000a\000b\000i\000l\000i\000d\000a\000d}{section.3.5}% 45
\BOOKMARK [0][-]{chapter.4}{\376\377\0004\000\040\000A\000n\000\341\000l\000i\000s\000i\000s}{}% 46
\BOOKMARK [1][-]{section.4.1}{\376\377\0004\000.\0001\000\040\000M\000o\000d\000e\000l\000a\000d\000o\000\040\000d\000e\000l\000\040\000d\000o\000m\000i\000n\000i\000o}{chapter.4}% 47
\BOOKMARK [1][-]{section.4.2}{\376\377\0004\000.\0002\000\040\000A\000n\000\341\000l\000i\000s\000i\000s\000\040\000d\000e\000\040\000c\000a\000s\000o\000s\000\040\000d\000e\000\040\000u\000s\000o}{chapter.4}% 48
\BOOKMARK [1][-]{section.4.3}{\376\377\0004\000.\0003\000\040\000M\000o\000d\000e\000l\000a\000d\000o\000\040\000d\000e\000\040\000i\000n\000t\000e\000r\000a\000c\000c\000i\000\363\000n}{chapter.4}% 49
\BOOKMARK [1][-]{section.4.4}{\376\377\0004\000.\0004\000\040\000A\000n\000\341\000l\000i\000s\000i\000s\000\040\000d\000e\000\040\000c\000o\000m\000p\000o\000r\000t\000a\000m\000i\000e\000n\000t\000o}{chapter.4}% 50
\BOOKMARK [0][-]{chapter.5}{\376\377\0005\000\040\000D\000i\000s\000e\000\361\000o}{}% 51
\BOOKMARK [1][-]{section.5.1}{\376\377\0005\000.\0001\000\040\000A\000r\000q\000u\000i\000t\000e\000c\000t\000u\000r\000a\000\040\000d\000e\000l\000\040\000s\000i\000s\000t\000e\000m\000a}{chapter.5}% 52
\BOOKMARK [1][-]{section.5.2}{\376\377\0005\000.\0002\000\040\000D\000i\000s\000e\000\361\000o\000\040\000d\000e\000\040\000m\000\363\000d\000u\000l\000o\000s}{chapter.5}% 53
\BOOKMARK [1][-]{section.5.3}{\376\377\0005\000.\0003\000\040\000D\000i\000s\000e\000\361\000o\000\040\000d\000e\000\040\000I\000n\000t\000e\000r\000f\000a\000z\000\040\000d\000e\000\040\000U\000s\000u\000a\000r\000i\000o}{chapter.5}% 54
\BOOKMARK [1][-]{section.5.4}{\376\377\0005\000.\0004\000\040\000D\000i\000s\000e\000\361\000o\000\040\000d\000e\000\040\000l\000a\000\040\000l\000\363\000g\000i\000c\000a\000\040\000d\000e\000\040\000n\000e\000g\000o\000c\000i\000o}{chapter.5}% 55
\BOOKMARK [1][-]{section.5.5}{\376\377\0005\000.\0005\000\040\000D\000i\000s\000e\000\361\000o\000\040\000d\000e\000\040\000i\000n\000t\000e\000r\000a\000c\000c\000i\000o\000n\000e\000s\000\040\000y\000\040\000f\000l\000u\000j\000o\000s}{chapter.5}% 56
\BOOKMARK [1][-]{section.5.6}{\376\377\0005\000.\0006\000\040\000D\000i\000s\000e\000\361\000o\000\040\000d\000e\000\040\000E\000s\000t\000a\000d\000o\000\040\000d\000e\000l\000\040\000S\000i\000s\000t\000e\000m\000a}{chapter.5}% 57
\BOOKMARK [1][-]{section.5.7}{\376\377\0005\000.\0007\000\040\000D\000i\000s\000e\000\361\000o\000\040\000d\000e\000\040\000D\000e\000s\000p\000l\000i\000e\000g\000u\000e}{chapter.5}% 58
\BOOKMARK [1][-]{section.5.8}{\376\377\0005\000.\0008\000\040\000D\000i\000s\000e\000\361\000o\000\040\000d\000e\000\040\000A\000c\000t\000i\000v\000i\000d\000a\000d}{chapter.5}% 59
\BOOKMARK [0][-]{chapter.6}{\376\377\0006\000\040\000I\000m\000p\000l\000e\000m\000e\000n\000t\000a\000c\000i\000\363\000n\000\040\000y\000\040\000p\000r\000u\000e\000b\000a\000s}{}% 60
\BOOKMARK [1][-]{section.6.1}{\376\377\0006\000.\0001\000\040\000I\000m\000p\000l\000e\000m\000e\000n\000t\000a\000c\000i\000\363\000n}{chapter.6}% 61
\BOOKMARK [1][-]{section.6.2}{\376\377\0006\000.\0002\000\040\000P\000r\000u\000e\000b\000a\000s\000\040\000f\000u\000n\000c\000i\000o\000n\000a\000l\000e\000s}{chapter.6}% 62
\BOOKMARK [1][-]{section.6.3}{\376\377\0006\000.\0003\000\040\000P\000r\000u\000e\000b\000a\000s\000\040\000d\000e\000\040\000r\000e\000n\000d\000i\000m\000i\000e\000n\000t\000o}{chapter.6}% 63
\BOOKMARK [1][-]{section.6.4}{\376\377\0006\000.\0004\000\040\000P\000r\000u\000e\000b\000a\000s\000\040\000d\000e\000\040\000u\000s\000a\000b\000i\000l\000i\000d\000a\000d}{chapter.6}% 64
\BOOKMARK [0][-]{chapter.7}{\376\377\0007\000\040\000C\000o\000n\000c\000l\000u\000s\000i\000o\000n\000e\000s}{}% 65
\BOOKMARK [1][-]{section.7.1}{\376\377\0007\000.\0001\000\040\000R\000e\000v\000i\000s\000i\000\363\000n\000\040\000d\000e\000\040\000c\000o\000s\000t\000e\000s}{chapter.7}% 66
\BOOKMARK [1][-]{section.7.2}{\376\377\0007\000.\0002\000\040\000C\000o\000n\000c\000l\000u\000s\000i\000o\000n\000e\000s}{chapter.7}% 67
\BOOKMARK [1][-]{section.7.3}{\376\377\0007\000.\0003\000\040\000T\000r\000a\000b\000a\000j\000o\000\040\000f\000u\000t\000u\000r\000o}{chapter.7}% 68
\BOOKMARK [0][-]{appendix.Alph1}{\376\377\000A\000\040\000A\000p\000\351\000n\000d\000i\000c\000e}{}% 69
\BOOKMARK [1][-]{section.Alph1.1}{\376\377\000A\000.\0001\000\040\000A\000p\000\351\000n\000d\000i\000c\000e\000\040\000d\000e\000l\000\040\000c\000a\000p\000\355\000t\000u\000l\000o\000\040\0003\000.\0002}{appendix.Alph1}% 70
\BOOKMARK [1][-]{section.Alph1.2}{\376\377\000A\000.\0002\000\040\000E\000j\000e\000m\000p\000l\000o\000s\000\040\000d\000e\000l\000\040\000l\000e\000n\000g\000u\000a\000j\000e\000\040\000d\000e\000\040\000m\000a\000r\000c\000a\000d\000o\000\040\000L\000a\000t\000e\000x}{appendix.Alph1}% 71
\BOOKMARK [0][-]{lstnumber.-2.4}{\376\377\000B\000i\000b\000l\000i\000o\000g\000r\000a\000f\000\355\000a}{}% 72
